The system is: Linux - 6.6.87.2-microsoft-standard-WSL2 - x86_64
Compiling the CXX compiler identification source file "CMakeCXXCompilerId.cpp" succeeded.
Compiler: /usr/bin/c++ 
Build flags: 
Id flags:  

The output was:
0


Compilation of the CXX compiler identification source "CMakeCXXCompilerId.cpp" produced "a.out"

The CXX compiler identification is GNU, found in "/mnt/c/Users/yp636/Documents/workdir/6.7.11apidemo/6.7.11apidemo/6.6.5_demo/build/CMakeFiles/3.22.1/CompilerIdCXX/a.out"

Determining if the CXX compiler works passed with the following output:
Change Dir: /mnt/c/Users/yp636/Documents/workdir/6.7.11apidemo/6.7.11apidemo/6.6.5_demo/build/CMakeFiles/CMakeTmp

Run Build Command(s):/usr/bin/gmake -f Makefile cmTC_407fa/fast && /usr/bin/gmake  -f CMakeFiles/cmTC_407fa.dir/build.make CMakeFiles/cmTC_407fa.dir/build
gmake[1]: Entering directory '/mnt/c/Users/yp636/Documents/workdir/6.7.11apidemo/6.7.11apidemo/6.6.5_demo/build/CMakeFiles/CMakeTmp'
Building CXX object CMakeFiles/cmTC_407fa.dir/testCXXCompiler.cxx.o
/usr/bin/c++    -o CMakeFiles/cmTC_407fa.dir/testCXXCompiler.cxx.o -c /mnt/c/Users/yp636/Documents/workdir/6.7.11apidemo/6.7.11apidemo/6.6.5_demo/build/CMakeFiles/CMakeTmp/testCXXCompiler.cxx
Linking CXX executable cmTC_407fa
/usr/bin/cmake -E cmake_link_script CMakeFiles/cmTC_407fa.dir/link.txt --verbose=1
/usr/bin/c++ CMakeFiles/cmTC_407fa.dir/testCXXCompiler.cxx.o -o cmTC_407fa 
gmake[1]: Leaving directory '/mnt/c/Users/yp636/Documents/workdir/6.7.11apidemo/6.7.11apidemo/6.6.5_demo/build/CMakeFiles/CMakeTmp'



Determining if the include file pthread.h exists passed with the following output:
Change Dir: /mnt/c/Users/yp636/Documents/workdir/6.7.11apidemo/6.7.11apidemo/6.6.5_demo/build/CMakeFiles/CMakeTmp

Run Build Command(s):/usr/bin/gmake -f Makefile cmTC_99254/fast && /usr/bin/gmake  -f CMakeFiles/cmTC_99254.dir/build.make CMakeFiles/cmTC_99254.dir/build
gmake[1]: Entering directory '/mnt/c/Users/yp636/Documents/workdir/6.7.11apidemo/6.7.11apidemo/6.6.5_demo/build/CMakeFiles/CMakeTmp'
Building CXX object CMakeFiles/cmTC_99254.dir/CheckIncludeFile.cxx.o
/usr/bin/c++   -std=gnu++11 -o CMakeFiles/cmTC_99254.dir/CheckIncludeFile.cxx.o -c /mnt/c/Users/yp636/Documents/workdir/6.7.11apidemo/6.7.11apidemo/6.6.5_demo/build/CMakeFiles/CMakeTmp/CheckIncludeFile.cxx
Linking CXX executable cmTC_99254
/usr/bin/cmake -E cmake_link_script CMakeFiles/cmTC_99254.dir/link.txt --verbose=1
/usr/bin/c++ CMakeFiles/cmTC_99254.dir/CheckIncludeFile.cxx.o -o cmTC_99254 
gmake[1]: Leaving directory '/mnt/c/Users/yp636/Documents/workdir/6.7.11apidemo/6.7.11apidemo/6.6.5_demo/build/CMakeFiles/CMakeTmp'



Performing C++ SOURCE FILE Test CMAKE_HAVE_LIBC_PTHREAD succeeded with the following output:
Change Dir: /mnt/c/Users/yp636/Documents/workdir/6.7.11apidemo/6.7.11apidemo/6.6.5_demo/build/CMakeFiles/CMakeTmp

Run Build Command(s):/usr/bin/gmake -f Makefile cmTC_b9ab3/fast && /usr/bin/gmake  -f CMakeFiles/cmTC_b9ab3.dir/build.make CMakeFiles/cmTC_b9ab3.dir/build
gmake[1]: Entering directory '/mnt/c/Users/yp636/Documents/workdir/6.7.11apidemo/6.7.11apidemo/6.6.5_demo/build/CMakeFiles/CMakeTmp'
Building CXX object CMakeFiles/cmTC_b9ab3.dir/src.cxx.o
/usr/bin/c++ -DCMAKE_HAVE_LIBC_PTHREAD  -std=gnu++11 -o CMakeFiles/cmTC_b9ab3.dir/src.cxx.o -c /mnt/c/Users/yp636/Documents/workdir/6.7.11apidemo/6.7.11apidemo/6.6.5_demo/build/CMakeFiles/CMakeTmp/src.cxx
Linking CXX executable cmTC_b9ab3
/usr/bin/cmake -E cmake_link_script CMakeFiles/cmTC_b9ab3.dir/link.txt --verbose=1
/usr/bin/c++ CMakeFiles/cmTC_b9ab3.dir/src.cxx.o -o cmTC_b9ab3 
gmake[1]: Leaving directory '/mnt/c/Users/yp636/Documents/workdir/6.7.11apidemo/6.7.11apidemo/6.6.5_demo/build/CMakeFiles/CMakeTmp'


Source file was:
#include <pthread.h>

static void* test_func(void* data)
{
  return data;
}

int main(void)
{
  pthread_t thread;
  pthread_create(&thread, NULL, test_func, NULL);
  pthread_detach(thread);
  pthread_cancel(thread);
  pthread_join(thread, NULL);
  pthread_atfork(NULL, NULL, NULL);
  pthread_exit(NULL);

  return 0;
}

